// Jest Snapshot v1, https://goo.gl/fbAQLP

exports[`Page allows setting classname 1`] = `
<div
  className="css-153qske"
/>
`;
