// Jest Snapshot v1, https://goo.gl/fbAQLP

exports[`Separator matches the snapshot 1`] = `
<div
  className="css-4nsmvf"
/>
`;
